Archive member included to satisfy reference by file (symbol)

c:/program files/microchip/xc8/v2.32/avr/bin/../lib/gcc/avr/5.4.0/../../../../avr/lib/avr5/memx-const\libm.a(fixsfsi.o)
                              build/default/production/mADC.o (__fixsfsi)
c:/program files/microchip/xc8/v2.32/avr/bin/../lib/gcc/avr/5.4.0/../../../../avr/lib/avr5/memx-const\libm.a(fixunssfsi.o)
                              c:/program files/microchip/xc8/v2.32/avr/bin/../lib/gcc/avr/5.4.0/../../../../avr/lib/avr5/memx-const\libm.a(fixsfsi.o) (__fixunssfsi)
c:/program files/microchip/xc8/v2.32/avr/bin/../lib/gcc/avr/5.4.0/../../../../avr/lib/avr5/memx-const\libm.a(floatsisf.o)
                              build/default/production/mADC.o (__floatunsisf)
c:/program files/microchip/xc8/v2.32/avr/bin/../lib/gcc/avr/5.4.0/../../../../avr/lib/avr5/memx-const\libm.a(fp_split3.o)
                              c:/program files/microchip/xc8/v2.32/avr/bin/../lib/gcc/avr/5.4.0/../../../../avr/lib/avr5/memx-const\libm.a(fixunssfsi.o) (__fp_splitA)
c:/program files/microchip/xc8/v2.32/avr/bin/../lib/gcc/avr/5.4.0/../../../../avr/lib/avr5/memx-const\libm.a(fp_zero.o)
                              c:/program files/microchip/xc8/v2.32/avr/bin/../lib/gcc/avr/5.4.0/../../../../avr/lib/avr5/memx-const\libm.a(fixunssfsi.o) (__fp_zero)
c:/program files/microchip/xc8/v2.32/avr/bin/../lib/gcc/avr/5.4.0/../../../../avr/lib/avr5/memx-const\libm.a(mulsf3.o)
                              build/default/production/mADC.o (__mulsf3)
c:/program files/microchip/xc8/v2.32/avr/bin/../lib/gcc/avr/5.4.0/../../../../avr/lib/avr5/memx-const\libm.a(mulsf3x.o)
                              c:/program files/microchip/xc8/v2.32/avr/bin/../lib/gcc/avr/5.4.0/../../../../avr/lib/avr5/memx-const\libm.a(mulsf3.o) (__mulsf3x)
c:/program files/microchip/xc8/v2.32/avr/bin/../lib/gcc/avr/5.4.0/../../../../avr/lib/avr5/memx-const\libm.a(fp_inf.o)
                              c:/program files/microchip/xc8/v2.32/avr/bin/../lib/gcc/avr/5.4.0/../../../../avr/lib/avr5/memx-const\libm.a(mulsf3x.o) (__fp_inf)
c:/program files/microchip/xc8/v2.32/avr/bin/../lib/gcc/avr/5.4.0/../../../../avr/lib/avr5/memx-const\libm.a(fp_nan.o)
                              c:/program files/microchip/xc8/v2.32/avr/bin/../lib/gcc/avr/5.4.0/../../../../avr/lib/avr5/memx-const\libm.a(mulsf3x.o) (__fp_nan)
c:/program files/microchip/xc8/v2.32/avr/bin/../lib/gcc/avr/5.4.0/../../../../avr/lib/avr5/memx-const\libm.a(fp_pscA.o)
                              c:/program files/microchip/xc8/v2.32/avr/bin/../lib/gcc/avr/5.4.0/../../../../avr/lib/avr5/memx-const\libm.a(mulsf3x.o) (__fp_pscA)
c:/program files/microchip/xc8/v2.32/avr/bin/../lib/gcc/avr/5.4.0/../../../../avr/lib/avr5/memx-const\libm.a(fp_pscB.o)
                              c:/program files/microchip/xc8/v2.32/avr/bin/../lib/gcc/avr/5.4.0/../../../../avr/lib/avr5/memx-const\libm.a(mulsf3x.o) (__fp_pscB)
c:/program files/microchip/xc8/v2.32/avr/bin/../lib/gcc/avr/5.4.0/../../../../avr/lib/avr5/memx-const\libm.a(fp_round.o)
                              c:/program files/microchip/xc8/v2.32/avr/bin/../lib/gcc/avr/5.4.0/../../../../avr/lib/avr5/memx-const\libm.a(mulsf3.o) (__fp_round)
c:/program files/microchip/xc8/v2.32/avr/bin/../lib/gcc/avr/5.4.0/avr5/memx-const\libgcc.a(_exit.o)
                              C:/Program Files/Microchip/MPLABX/v5.50/packs/Microchip/ATmega_DFP/2.3.126/xc8/avr/lib/avr5/memx-const/crtatmega32a.o (exit)
c:/program files/microchip/xc8/v2.32/avr/bin/../lib/gcc/avr/5.4.0/../../../../avr/lib/avr5/memx-const\libc.a(itoa_ncheck.o)
                              build/default/production/mLCD8.o (__itoa_ncheck)
c:/program files/microchip/xc8/v2.32/avr/bin/../lib/gcc/avr/5.4.0/../../../../avr/lib/avr5/memx-const\libc.a(utoa_ncheck.o)
                              c:/program files/microchip/xc8/v2.32/avr/bin/../lib/gcc/avr/5.4.0/../../../../avr/lib/avr5/memx-const\libc.a(itoa_ncheck.o) (__utoa_common)
c:/program files/microchip/xc8/v2.32/avr/bin/../lib/gcc/avr/5.4.0/../../../../avr/lib/avr5/memx-const\libc.a(strrev.o)
                              c:/program files/microchip/xc8/v2.32/avr/bin/../lib/gcc/avr/5.4.0/../../../../avr/lib/avr5/memx-const\libc.a(utoa_ncheck.o) (strrev)

Discarded input sections

 .data          0x0000000000000000        0x0 C:/Program Files/Microchip/MPLABX/v5.50/packs/Microchip/ATmega_DFP/2.3.126/xc8/avr/lib/avr5/memx-const/crtatmega32a.o
 .bss           0x0000000000000000        0x0 C:/Program Files/Microchip/MPLABX/v5.50/packs/Microchip/ATmega_DFP/2.3.126/xc8/avr/lib/avr5/memx-const/crtatmega32a.o
 .text          0x0000000000000000        0x0 build/default/production/main.o
 .data          0x0000000000000000        0x0 build/default/production/main.o
 .bss           0x0000000000000000        0x0 build/default/production/main.o
 .text          0x0000000000000000        0x0 build/default/production/DIO_Interface.o
 .data          0x0000000000000000        0x0 build/default/production/DIO_Interface.o
 .bss           0x0000000000000000        0x0 build/default/production/DIO_Interface.o
 .text.DIO_Set_PORT_VALUE
                0x0000000000000000        0x6 build/default/production/DIO_Interface.o
 .text.DIO_Read_PORT
                0x0000000000000000        0xc build/default/production/DIO_Interface.o
 .text.DIO_Read_PIN
                0x0000000000000000       0x3e build/default/production/DIO_Interface.o
 .text.DIO_Toggle_PIN
                0x0000000000000000       0x18 build/default/production/DIO_Interface.o
 .text          0x0000000000000000        0x0 build/default/production/mLEDs.o
 .data          0x0000000000000000        0x0 build/default/production/mLEDs.o
 .bss           0x0000000000000000        0x0 build/default/production/mLEDs.o
 .text.init_LEDs
                0x0000000000000000       0x26 build/default/production/mLEDs.o
 .text.LEDs_ON  0x0000000000000000       0x26 build/default/production/mLEDs.o
 .text.LEDs_OFF
                0x0000000000000000       0x26 build/default/production/mLEDs.o
 .text.LEDs_TOG
                0x0000000000000000       0x20 build/default/production/mLEDs.o
 .text.LED_ON   0x0000000000000000       0x36 build/default/production/mLEDs.o
 .text.LED_OFF  0x0000000000000000       0x36 build/default/production/mLEDs.o
 .text.LED_TOGGLE
                0x0000000000000000       0x30 build/default/production/mLEDs.o
 .debug_info    0x0000000000000000      0x5e7 build/default/production/mLEDs.o
 .debug_abbrev  0x0000000000000000       0xa5 build/default/production/mLEDs.o
 .debug_loc     0x0000000000000000       0xf9 build/default/production/mLEDs.o
 .debug_aranges
                0x0000000000000000       0x50 build/default/production/mLEDs.o
 .debug_ranges  0x0000000000000000       0x40 build/default/production/mLEDs.o
 .debug_line    0x0000000000000000      0x19b build/default/production/mLEDs.o
 .debug_str     0x0000000000000000       0x31 build/default/production/mLEDs.o
 .comment       0x0000000000000000       0x30 build/default/production/mLEDs.o
 .debug_frame   0x0000000000000000       0x84 build/default/production/mLEDs.o
 .text          0x0000000000000000        0x0 build/default/production/mButtons.o
 .data          0x0000000000000000        0x0 build/default/production/mButtons.o
 .bss           0x0000000000000000        0x0 build/default/production/mButtons.o
 .text.init_BTNS
                0x0000000000000000       0x26 build/default/production/mButtons.o
 .text.BTNs_isPressed
                0x0000000000000000       0x56 build/default/production/mButtons.o
 .debug_info    0x0000000000000000      0x382 build/default/production/mButtons.o
 .debug_abbrev  0x0000000000000000       0xb6 build/default/production/mButtons.o
 .debug_loc     0x0000000000000000       0x53 build/default/production/mButtons.o
 .debug_aranges
                0x0000000000000000       0x28 build/default/production/mButtons.o
 .debug_ranges  0x0000000000000000       0x18 build/default/production/mButtons.o
 .debug_line    0x0000000000000000       0xdc build/default/production/mButtons.o
 .debug_str     0x0000000000000000       0x1d build/default/production/mButtons.o
 .comment       0x0000000000000000       0x30 build/default/production/mButtons.o
 .debug_frame   0x0000000000000000       0x44 build/default/production/mButtons.o
 .text          0x0000000000000000        0x0 build/default/production/mRelay.o
 .data          0x0000000000000000        0x0 build/default/production/mRelay.o
 .bss           0x0000000000000000        0x0 build/default/production/mRelay.o
 .text.init_Relay
                0x0000000000000000        0xe build/default/production/mRelay.o
 .text.Relay_ON
                0x0000000000000000        0xe build/default/production/mRelay.o
 .text.Relay_OFF
                0x0000000000000000        0xe build/default/production/mRelay.o
 .debug_info    0x0000000000000000      0x2eb build/default/production/mRelay.o
 .debug_abbrev  0x0000000000000000       0x6f build/default/production/mRelay.o
 .debug_aranges
                0x0000000000000000       0x30 build/default/production/mRelay.o
 .debug_ranges  0x0000000000000000       0x20 build/default/production/mRelay.o
 .debug_line    0x0000000000000000       0xba build/default/production/mRelay.o
 .debug_str     0x0000000000000000       0x22 build/default/production/mRelay.o
 .comment       0x0000000000000000       0x30 build/default/production/mRelay.o
 .debug_frame   0x0000000000000000       0x44 build/default/production/mRelay.o
 .text          0x0000000000000000        0x0 build/default/production/mBuzzer.o
 .data          0x0000000000000000        0x0 build/default/production/mBuzzer.o
 .bss           0x0000000000000000        0x0 build/default/production/mBuzzer.o
 .text.init_Buzzer
                0x0000000000000000        0xe build/default/production/mBuzzer.o
 .text.Buzzer_ON
                0x0000000000000000        0xe build/default/production/mBuzzer.o
 .text.Buzzer_OFF
                0x0000000000000000        0xe build/default/production/mBuzzer.o
 .text.Buzzer_Play
                0x0000000000000000       0x86 build/default/production/mBuzzer.o
 .text.Buzzer_PlayTone
                0x0000000000000000       0x6c build/default/production/mBuzzer.o
 .debug_info    0x0000000000000000      0x602 build/default/production/mBuzzer.o
 .debug_abbrev  0x0000000000000000      0x10b build/default/production/mBuzzer.o
 .debug_loc     0x0000000000000000      0x2a8 build/default/production/mBuzzer.o
 .debug_aranges
                0x0000000000000000       0x40 build/default/production/mBuzzer.o
 .debug_ranges  0x0000000000000000       0x30 build/default/production/mBuzzer.o
 .debug_line    0x0000000000000000      0x1e1 build/default/production/mBuzzer.o
 .debug_str     0x0000000000000000       0x22 build/default/production/mBuzzer.o
 .comment       0x0000000000000000       0x30 build/default/production/mBuzzer.o
 .debug_frame   0x0000000000000000       0x78 build/default/production/mBuzzer.o
 .text          0x0000000000000000        0x0 build/default/production/m7Segment.o
 .data          0x0000000000000000        0x0 build/default/production/m7Segment.o
 .bss           0x0000000000000000        0x0 build/default/production/m7Segment.o
 .text.init_7Seg
                0x0000000000000000       0x56 build/default/production/m7Segment.o
 .text.m7Seg_EN1
                0x0000000000000000       0x24 build/default/production/m7Segment.o
 .text.m7Seg1_write
                0x0000000000000000       0x34 build/default/production/m7Segment.o
 .text.m7Seg_EN2
                0x0000000000000000       0x24 build/default/production/m7Segment.o
 .text.m7Seg2_write
                0x0000000000000000       0x34 build/default/production/m7Segment.o
 .text._7Seg_write_num
                0x0000000000000000       0x44 build/default/production/m7Segment.o
 .debug_info    0x0000000000000000      0x69b build/default/production/m7Segment.o
 .debug_abbrev  0x0000000000000000      0x10d build/default/production/m7Segment.o
 .debug_loc     0x0000000000000000      0x209 build/default/production/m7Segment.o
 .debug_aranges
                0x0000000000000000       0x48 build/default/production/m7Segment.o
 .debug_ranges  0x0000000000000000       0x38 build/default/production/m7Segment.o
 .debug_line    0x0000000000000000      0x1f8 build/default/production/m7Segment.o
 .debug_str     0x0000000000000000       0x22 build/default/production/m7Segment.o
 .comment       0x0000000000000000       0x30 build/default/production/m7Segment.o
 .debug_frame   0x0000000000000000       0x8c build/default/production/m7Segment.o
 .text          0x0000000000000000        0x0 build/default/production/mLCD8.o
 .data          0x0000000000000000        0x0 build/default/production/mLCD8.o
 .bss           0x0000000000000000        0x0 build/default/production/mLCD8.o
 .text.LCD_Enable
                0x0000000000000000       0x26 build/default/production/mLCD8.o
 .text.LCD_write
                0x0000000000000000       0x22 build/default/production/mLCD8.o
 .text.LCD_cmd  0x0000000000000000       0x22 build/default/production/mLCD8.o
 .text.init_LCD
                0x0000000000000000       0x5a build/default/production/mLCD8.o
 .text.LCD_clear
                0x0000000000000000        0x8 build/default/production/mLCD8.o
 .text.LCD_str  0x0000000000000000       0x1e build/default/production/mLCD8.o
 .text.LCD_num  0x0000000000000000       0x3a build/default/production/mLCD8.o
 .debug_info    0x0000000000000000      0x79d build/default/production/mLCD8.o
 .debug_abbrev  0x0000000000000000      0x1f6 build/default/production/mLCD8.o
 .debug_loc     0x0000000000000000      0x222 build/default/production/mLCD8.o
 .debug_aranges
                0x0000000000000000       0x50 build/default/production/mLCD8.o
 .debug_ranges  0x0000000000000000       0x40 build/default/production/mLCD8.o
 .debug_line    0x0000000000000000      0x1ff build/default/production/mLCD8.o
 .debug_str     0x0000000000000000       0x7a build/default/production/mLCD8.o
 .comment       0x0000000000000000       0x30 build/default/production/mLCD8.o
 .debug_frame   0x0000000000000000       0xb0 build/default/production/mLCD8.o
 .text          0x0000000000000000        0x0 build/default/production/mLCD4.o
 .data          0x0000000000000000        0x0 build/default/production/mLCD4.o
 .bss           0x0000000000000000        0x0 build/default/production/mLCD4.o
 .text.LCD4_str
                0x0000000000000000       0x1e build/default/production/mLCD4.o
 .text.LCD4_num
                0x0000000000000000       0x3a build/default/production/mLCD4.o
 .text          0x0000000000000000        0x0 build/default/production/EXT_INT.o
 .data          0x0000000000000000        0x0 build/default/production/EXT_INT.o
 .bss           0x0000000000000000        0x0 build/default/production/EXT_INT.o
 .text.init_INT
                0x0000000000000000       0x54 build/default/production/EXT_INT.o
 .text.INT_Enable_Global
                0x0000000000000000        0x4 build/default/production/EXT_INT.o
 .debug_info    0x0000000000000000      0x281 build/default/production/EXT_INT.o
 .debug_abbrev  0x0000000000000000       0x6d build/default/production/EXT_INT.o
 .debug_loc     0x0000000000000000       0xc4 build/default/production/EXT_INT.o
 .debug_aranges
                0x0000000000000000       0x28 build/default/production/EXT_INT.o
 .debug_ranges  0x0000000000000000       0x18 build/default/production/EXT_INT.o
 .debug_line    0x0000000000000000       0xc2 build/default/production/EXT_INT.o
 .debug_str     0x0000000000000000        0x0 build/default/production/EXT_INT.o
 .comment       0x0000000000000000       0x30 build/default/production/EXT_INT.o
 .debug_frame   0x0000000000000000       0x34 build/default/production/EXT_INT.o
 .text          0x0000000000000000        0x0 build/default/production/mADC.o
 .data          0x0000000000000000        0x0 build/default/production/mADC.o
 .bss           0x0000000000000000        0x0 build/default/production/mADC.o
 .text.ADC_select_CH
                0x0000000000000000        0xe build/default/production/mADC.o
 .text.ADC_select_REF
                0x0000000000000000       0x16 build/default/production/mADC.o
 .text.ADC_EN   0x0000000000000000        0x4 build/default/production/mADC.o
 .text.ADC_select_PRE
                0x0000000000000000        0xe build/default/production/mADC.o
 .text.init_ADC
                0x0000000000000000       0x22 build/default/production/mADC.o
 .text.ADC_SC   0x0000000000000000        0x4 build/default/production/mADC.o
 .text.ADC_read
                0x0000000000000000       0x20 build/default/production/mADC.o
 .text.ADC_INT_EN
                0x0000000000000000        0x4 build/default/production/mADC.o
 .debug_info    0x0000000000000000      0x3d1 build/default/production/mADC.o
 .debug_abbrev  0x0000000000000000       0xa9 build/default/production/mADC.o
 .debug_loc     0x0000000000000000       0xdc build/default/production/mADC.o
 .debug_aranges
                0x0000000000000000       0x58 build/default/production/mADC.o
 .debug_ranges  0x0000000000000000       0x48 build/default/production/mADC.o
 .debug_line    0x0000000000000000      0x143 build/default/production/mADC.o
 .debug_str     0x0000000000000000        0x0 build/default/production/mADC.o
 .comment       0x0000000000000000       0x30 build/default/production/mADC.o
 .debug_frame   0x0000000000000000       0xa0 build/default/production/mADC.o
 .text          0x0000000000000000        0x0 build/default/production/mTimer.o
 .data          0x0000000000000000        0x0 build/default/production/mTimer.o
 .bss           0x0000000000000000        0x0 build/default/production/mTimer.o
 .text.init_Timer0
                0x0000000000000000       0x42 build/default/production/mTimer.o
 .text.Timer0_INT_ENABLE
                0x0000000000000000       0x1a build/default/production/mTimer.o
 .text.Timer0_SET_COMP_VAL
                0x0000000000000000        0x4 build/default/production/mTimer.o
 .text.Timer0_COMP_MODE
                0x0000000000000000       0x32 build/default/production/mTimer.o
 .text.init_Timer2
                0x0000000000000000       0x42 build/default/production/mTimer.o
 .text.Timer2_INT_ENABLE
                0x0000000000000000       0x1a build/default/production/mTimer.o
 .text.Timer2_SET_COMP_VAL
                0x0000000000000000        0x4 build/default/production/mTimer.o
 .text.Timer2_COMP_MODE
                0x0000000000000000       0x32 build/default/production/mTimer.o
 .debug_info    0x0000000000000000      0x473 build/default/production/mTimer.o
 .debug_abbrev  0x0000000000000000       0x9c build/default/production/mTimer.o
 .debug_loc     0x0000000000000000      0x202 build/default/production/mTimer.o
 .debug_aranges
                0x0000000000000000       0x58 build/default/production/mTimer.o
 .debug_ranges  0x0000000000000000       0x48 build/default/production/mTimer.o
 .debug_line    0x0000000000000000      0x204 build/default/production/mTimer.o
 .debug_str     0x0000000000000000       0x58 build/default/production/mTimer.o
 .comment       0x0000000000000000       0x30 build/default/production/mTimer.o
 .debug_frame   0x0000000000000000       0x94 build/default/production/mTimer.o
 .text          0x0000000000000000        0x0 build/default/production/mUART.o
 .data          0x0000000000000000        0x0 build/default/production/mUART.o
 .bss           0x0000000000000000        0x0 build/default/production/mUART.o
 .text.init_UART
                0x0000000000000000        0xc build/default/production/mUART.o
 .text.UART_INT_Enable
                0x0000000000000000       0x16 build/default/production/mUART.o
 .text.UART_send
                0x0000000000000000        0x8 build/default/production/mUART.o
 .text.UART_send_str
                0x0000000000000000       0x1e build/default/production/mUART.o
 .text.UART_send_num
                0x0000000000000000       0x3a build/default/production/mUART.o
 .text.UART_receive
                0x0000000000000000        0x8 build/default/production/mUART.o
 .debug_info    0x0000000000000000      0x489 build/default/production/mUART.o
 .debug_abbrev  0x0000000000000000      0x169 build/default/production/mUART.o
 .debug_loc     0x0000000000000000      0x11a build/default/production/mUART.o
 .debug_aranges
                0x0000000000000000       0x48 build/default/production/mUART.o
 .debug_ranges  0x0000000000000000       0x38 build/default/production/mUART.o
 .debug_line    0x0000000000000000      0x140 build/default/production/mUART.o
 .debug_str     0x0000000000000000        0xe build/default/production/mUART.o
 .comment       0x0000000000000000       0x30 build/default/production/mUART.o
 .debug_frame   0x0000000000000000       0x90 build/default/production/mUART.o
 .text          0x0000000000000000        0x0 build/default/production/mSPI.o
 .data          0x0000000000000000        0x0 build/default/production/mSPI.o
 .bss           0x0000000000000000        0x0 build/default/production/mSPI.o
 .text.SPI_MASTER_WRITE
                0x0000000000000000        0x8 build/default/production/mSPI.o
 .text.SPI_MASTER_READ
                0x0000000000000000        0x8 build/default/production/mSPI.o
 .text          0x0000000000000000        0x0 c:/program files/microchip/xc8/v2.32/avr/bin/../lib/gcc/avr/5.4.0/../../../../avr/lib/avr5/memx-const\libm.a(fixsfsi.o)
 .data          0x0000000000000000        0x0 c:/program files/microchip/xc8/v2.32/avr/bin/../lib/gcc/avr/5.4.0/../../../../avr/lib/avr5/memx-const\libm.a(fixsfsi.o)
 .bss           0x0000000000000000        0x0 c:/program files/microchip/xc8/v2.32/avr/bin/../lib/gcc/avr/5.4.0/../../../../avr/lib/avr5/memx-const\libm.a(fixsfsi.o)
 .text.avrlibc.fplib
                0x0000000000000000        0xe c:/program files/microchip/xc8/v2.32/avr/bin/../lib/gcc/avr/5.4.0/../../../../avr/lib/avr5/memx-const\libm.a(fixsfsi.o)
 .stack.descriptors.hdr
                0x0000000000000000        0xe c:/program files/microchip/xc8/v2.32/avr/bin/../lib/gcc/avr/5.4.0/../../../../avr/lib/avr5/memx-const\libm.a(fixsfsi.o)
 .stack.descriptors
                0x0000000000000000       0x17 c:/program files/microchip/xc8/v2.32/avr/bin/../lib/gcc/avr/5.4.0/../../../../avr/lib/avr5/memx-const\libm.a(fixsfsi.o)
 .text          0x0000000000000000        0x0 c:/program files/microchip/xc8/v2.32/avr/bin/../lib/gcc/avr/5.4.0/../../../../avr/lib/avr5/memx-const\libm.a(fixunssfsi.o)
 .data          0x0000000000000000        0x0 c:/program files/microchip/xc8/v2.32/avr/bin/../lib/gcc/avr/5.4.0/../../../../avr/lib/avr5/memx-const\libm.a(fixunssfsi.o)
 .bss           0x0000000000000000        0x0 c:/program files/microchip/xc8/v2.32/avr/bin/../lib/gcc/avr/5.4.0/../../../../avr/lib/avr5/memx-const\libm.a(fixunssfsi.o)
 .text.avrlibc.fplib
                0x0000000000000000       0x5e c:/program files/microchip/xc8/v2.32/avr/bin/../lib/gcc/avr/5.4.0/../../../../avr/lib/avr5/memx-const\libm.a(fixunssfsi.o)
 .stack.descriptors.hdr
                0x0000000000000000        0xe c:/program files/microchip/xc8/v2.32/avr/bin/../lib/gcc/avr/5.4.0/../../../../avr/lib/avr5/memx-const\libm.a(fixunssfsi.o)
 .stack.descriptors
                0x0000000000000000       0x1a c:/program files/microchip/xc8/v2.32/avr/bin/../lib/gcc/avr/5.4.0/../../../../avr/lib/avr5/memx-const\libm.a(fixunssfsi.o)
 .text          0x0000000000000000        0x0 c:/program files/microchip/xc8/v2.32/avr/bin/../lib/gcc/avr/5.4.0/../../../../avr/lib/avr5/memx-const\libm.a(floatsisf.o)
 .data          0x0000000000000000        0x0 c:/program files/microchip/xc8/v2.32/avr/bin/../lib/gcc/avr/5.4.0/../../../../avr/lib/avr5/memx-const\libm.a(floatsisf.o)
 .bss           0x0000000000000000        0x0 c:/program files/microchip/xc8/v2.32/avr/bin/../lib/gcc/avr/5.4.0/../../../../avr/lib/avr5/memx-const\libm.a(floatsisf.o)
 .text.avrlibc.fplib
                0x0000000000000000       0x7a c:/program files/microchip/xc8/v2.32/avr/bin/../lib/gcc/avr/5.4.0/../../../../avr/lib/avr5/memx-const\libm.a(floatsisf.o)
 .stack.descriptors.hdr
                0x0000000000000000        0xe c:/program files/microchip/xc8/v2.32/avr/bin/../lib/gcc/avr/5.4.0/../../../../avr/lib/avr5/memx-const\libm.a(floatsisf.o)
 .stack.descriptors
                0x0000000000000000       0x34 c:/program files/microchip/xc8/v2.32/avr/bin/../lib/gcc/avr/5.4.0/../../../../avr/lib/avr5/memx-const\libm.a(floatsisf.o)
 .text          0x0000000000000000        0x0 c:/program files/microchip/xc8/v2.32/avr/bin/../lib/gcc/avr/5.4.0/../../../../avr/lib/avr5/memx-const\libm.a(fp_split3.o)
 .data          0x0000000000000000        0x0 c:/program files/microchip/xc8/v2.32/avr/bin/../lib/gcc/avr/5.4.0/../../../../avr/lib/avr5/memx-const\libm.a(fp_split3.o)
 .bss           0x0000000000000000        0x0 c:/program files/microchip/xc8/v2.32/avr/bin/../lib/gcc/avr/5.4.0/../../../../avr/lib/avr5/memx-const\libm.a(fp_split3.o)
 .text.avrlibc.fplib
                0x0000000000000000       0x44 c:/program files/microchip/xc8/v2.32/avr/bin/../lib/gcc/avr/5.4.0/../../../../avr/lib/avr5/memx-const\libm.a(fp_split3.o)
 .stack.descriptors.hdr
                0x0000000000000000        0xe c:/program files/microchip/xc8/v2.32/avr/bin/../lib/gcc/avr/5.4.0/../../../../avr/lib/avr5/memx-const\libm.a(fp_split3.o)
 .stack.descriptors
                0x0000000000000000       0x32 c:/program files/microchip/xc8/v2.32/avr/bin/../lib/gcc/avr/5.4.0/../../../../avr/lib/avr5/memx-const\libm.a(fp_split3.o)
 .text          0x0000000000000000        0x0 c:/program files/microchip/xc8/v2.32/avr/bin/../lib/gcc/avr/5.4.0/../../../../avr/lib/avr5/memx-const\libm.a(fp_zero.o)
 .data          0x0000000000000000        0x0 c:/program files/microchip/xc8/v2.32/avr/bin/../lib/gcc/avr/5.4.0/../../../../avr/lib/avr5/memx-const\libm.a(fp_zero.o)
 .bss           0x0000000000000000        0x0 c:/program files/microchip/xc8/v2.32/avr/bin/../lib/gcc/avr/5.4.0/../../../../avr/lib/avr5/memx-const\libm.a(fp_zero.o)
 .text.avrlibc.fplib
                0x0000000000000000        0xe c:/program files/microchip/xc8/v2.32/avr/bin/../lib/gcc/avr/5.4.0/../../../../avr/lib/avr5/memx-const\libm.a(fp_zero.o)
 .stack.descriptors.hdr
                0x0000000000000000        0xe c:/program files/microchip/xc8/v2.32/avr/bin/../lib/gcc/avr/5.4.0/../../../../avr/lib/avr5/memx-const\libm.a(fp_zero.o)
 .stack.descriptors
                0x0000000000000000       0x2f c:/program files/microchip/xc8/v2.32/avr/bin/../lib/gcc/avr/5.4.0/../../../../avr/lib/avr5/memx-const\libm.a(fp_zero.o)
 .text          0x0000000000000000        0x0 c:/program files/microchip/xc8/v2.32/avr/bin/../lib/gcc/avr/5.4.0/../../../../avr/lib/avr5/memx-const\libm.a(mulsf3.o)
 .data          0x0000000000000000        0x0 c:/program files/microchip/xc8/v2.32/avr/bin/../lib/gcc/avr/5.4.0/../../../../avr/lib/avr5/memx-const\libm.a(mulsf3.o)
 .bss           0x0000000000000000        0x0 c:/program files/microchip/xc8/v2.32/avr/bin/../lib/gcc/avr/5.4.0/../../../../avr/lib/avr5/memx-const\libm.a(mulsf3.o)
 .text.avrlibc.fplib
                0x0000000000000000        0x8 c:/program files/microchip/xc8/v2.32/avr/bin/../lib/gcc/avr/5.4.0/../../../../avr/lib/avr5/memx-const\libm.a(mulsf3.o)
 .stack.descriptors.hdr
                0x0000000000000000        0xe c:/program files/microchip/xc8/v2.32/avr/bin/../lib/gcc/avr/5.4.0/../../../../avr/lib/avr5/memx-const\libm.a(mulsf3.o)
 .stack.descriptors
                0x0000000000000000       0x16 c:/program files/microchip/xc8/v2.32/avr/bin/../lib/gcc/avr/5.4.0/../../../../avr/lib/avr5/memx-const\libm.a(mulsf3.o)
 .text          0x0000000000000000        0x0 c:/program files/microchip/xc8/v2.32/avr/bin/../lib/gcc/avr/5.4.0/../../../../avr/lib/avr5/memx-const\libm.a(mulsf3x.o)
 .data          0x0000000000000000        0x0 c:/program files/microchip/xc8/v2.32/avr/bin/../lib/gcc/avr/5.4.0/../../../../avr/lib/avr5/memx-const\libm.a(mulsf3x.o)
 .bss           0x0000000000000000        0x0 c:/program files/microchip/xc8/v2.32/avr/bin/../lib/gcc/avr/5.4.0/../../../../avr/lib/avr5/memx-const\libm.a(mulsf3x.o)
 .text.avrlibc.fplib
                0x0000000000000000       0xd4 c:/program files/microchip/xc8/v2.32/avr/bin/../lib/gcc/avr/5.4.0/../../../../avr/lib/avr5/memx-const\libm.a(mulsf3x.o)
 .stack.descriptors.hdr
                0x0000000000000000        0xe c:/program files/microchip/xc8/v2.32/avr/bin/../lib/gcc/avr/5.4.0/../../../../avr/lib/avr5/memx-const\libm.a(mulsf3x.o)
 .stack.descriptors
                0x0000000000000000       0x31 c:/program files/microchip/xc8/v2.32/avr/bin/../lib/gcc/avr/5.4.0/../../../../avr/lib/avr5/memx-const\libm.a(mulsf3x.o)
 .text          0x0000000000000000        0x0 c:/program files/microchip/xc8/v2.32/avr/bin/../lib/gcc/avr/5.4.0/../../../../avr/lib/avr5/memx-const\libm.a(fp_inf.o)
 .data          0x0000000000000000        0x0 c:/program files/microchip/xc8/v2.32/avr/bin/../lib/gcc/avr/5.4.0/../../../../avr/lib/avr5/memx-const\libm.a(fp_inf.o)
 .bss           0x0000000000000000        0x0 c:/program files/microchip/xc8/v2.32/avr/bin/../lib/gcc/avr/5.4.0/../../../../avr/lib/avr5/memx-const\libm.a(fp_inf.o)
 .text.avrlibc.fplib
                0x0000000000000000        0xc c:/program files/microchip/xc8/v2.32/avr/bin/../lib/gcc/avr/5.4.0/../../../../avr/lib/avr5/memx-const\libm.a(fp_inf.o)
 .stack.descriptors.hdr
                0x0000000000000000        0xe c:/program files/microchip/xc8/v2.32/avr/bin/../lib/gcc/avr/5.4.0/../../../../avr/lib/avr5/memx-const\libm.a(fp_inf.o)
 .stack.descriptors
                0x0000000000000000       0x16 c:/program files/microchip/xc8/v2.32/avr/bin/../lib/gcc/avr/5.4.0/../../../../avr/lib/avr5/memx-const\libm.a(fp_inf.o)
 .text          0x0000000000000000        0x0 c:/program files/microchip/xc8/v2.32/avr/bin/../lib/gcc/avr/5.4.0/../../../../avr/lib/avr5/memx-const\libm.a(fp_nan.o)
 .data          0x0000000000000000        0x0 c:/program files/microchip/xc8/v2.32/avr/bin/../lib/gcc/avr/5.4.0/../../../../avr/lib/avr5/memx-const\libm.a(fp_nan.o)
 .bss           0x0000000000000000        0x0 c:/program files/microchip/xc8/v2.32/avr/bin/../lib/gcc/avr/5.4.0/../../../../avr/lib/avr5/memx-const\libm.a(fp_nan.o)
 .text.avrlibc.fplib
                0x0000000000000000        0x6 c:/program files/microchip/xc8/v2.32/avr/bin/../lib/gcc/avr/5.4.0/../../../../avr/lib/avr5/memx-const\libm.a(fp_nan.o)
 .stack.descriptors.hdr
                0x0000000000000000        0xe c:/program files/microchip/xc8/v2.32/avr/bin/../lib/gcc/avr/5.4.0/../../../../avr/lib/avr5/memx-const\libm.a(fp_nan.o)
 .stack.descriptors
                0x0000000000000000       0x16 c:/program files/microchip/xc8/v2.32/avr/bin/../lib/gcc/avr/5.4.0/../../../../avr/lib/avr5/memx-const\libm.a(fp_nan.o)
 .text          0x0000000000000000        0x0 c:/program files/microchip/xc8/v2.32/avr/bin/../lib/gcc/avr/5.4.0/../../../../avr/lib/avr5/memx-const\libm.a(fp_pscA.o)
 .data          0x0000000000000000        0x0 c:/program files/microchip/xc8/v2.32/avr/bin/../lib/gcc/avr/5.4.0/../../../../avr/lib/avr5/memx-const\libm.a(fp_pscA.o)
 .bss           0x0000000000000000        0x0 c:/program files/microchip/xc8/v2.32/avr/bin/../lib/gcc/avr/5.4.0/../../../../avr/lib/avr5/memx-const\libm.a(fp_pscA.o)
 .text.avrlibc.fplib
                0x0000000000000000        0xe c:/program files/microchip/xc8/v2.32/avr/bin/../lib/gcc/avr/5.4.0/../../../../avr/lib/avr5/memx-const\libm.a(fp_pscA.o)
 .stack.descriptors.hdr
                0x0000000000000000        0xe c:/program files/microchip/xc8/v2.32/avr/bin/../lib/gcc/avr/5.4.0/../../../../avr/lib/avr5/memx-const\libm.a(fp_pscA.o)
 .stack.descriptors
                0x0000000000000000       0x17 c:/program files/microchip/xc8/v2.32/avr/bin/../lib/gcc/avr/5.4.0/../../../../avr/lib/avr5/memx-const\libm.a(fp_pscA.o)
 .text          0x0000000000000000        0x0 c:/program files/microchip/xc8/v2.32/avr/bin/../lib/gcc/avr/5.4.0/../../../../avr/lib/avr5/memx-const\libm.a(fp_pscB.o)
 .data          0x0000000000000000        0x0 c:/program files/microchip/xc8/v2.32/avr/bin/../lib/gcc/avr/5.4.0/../../../../avr/lib/avr5/memx-const\libm.a(fp_pscB.o)
 .bss           0x0000000000000000        0x0 c:/program files/microchip/xc8/v2.32/avr/bin/../lib/gcc/avr/5.4.0/../../../../avr/lib/avr5/memx-const\libm.a(fp_pscB.o)
 .text.avrlibc.fplib
                0x0000000000000000        0xe c:/program files/microchip/xc8/v2.32/avr/bin/../lib/gcc/avr/5.4.0/../../../../avr/lib/avr5/memx-const\libm.a(fp_pscB.o)
 .stack.descriptors.hdr
                0x0000000000000000        0xe c:/program files/microchip/xc8/v2.32/avr/bin/../lib/gcc/avr/5.4.0/../../../../avr/lib/avr5/memx-const\libm.a(fp_pscB.o)
 .stack.descriptors
                0x0000000000000000       0x17 c:/program files/microchip/xc8/v2.32/avr/bin/../lib/gcc/avr/5.4.0/../../../../avr/lib/avr5/memx-const\libm.a(fp_pscB.o)
 .text          0x0000000000000000        0x0 c:/program files/microchip/xc8/v2.32/avr/bin/../lib/gcc/avr/5.4.0/../../../../avr/lib/avr5/memx-const\libm.a(fp_round.o)
 .data          0x0000000000000000        0x0 c:/program files/microchip/xc8/v2.32/avr/bin/../lib/gcc/avr/5.4.0/../../../../avr/lib/avr5/memx-const\libm.a(fp_round.o)
 .bss           0x0000000000000000        0x0 c:/program files/microchip/xc8/v2.32/avr/bin/../lib/gcc/avr/5.4.0/../../../../avr/lib/avr5/memx-const\libm.a(fp_round.o)
 .text.avrlibc.fplib
                0x0000000000000000       0x22 c:/program files/microchip/xc8/v2.32/avr/bin/../lib/gcc/avr/5.4.0/../../../../avr/lib/avr5/memx-const\libm.a(fp_round.o)
 .stack.descriptors.hdr
                0x0000000000000000        0xe c:/program files/microchip/xc8/v2.32/avr/bin/../lib/gcc/avr/5.4.0/../../../../avr/lib/avr5/memx-const\libm.a(fp_round.o)
 .stack.descriptors
                0x0000000000000000       0x18 c:/program files/microchip/xc8/v2.32/avr/bin/../lib/gcc/avr/5.4.0/../../../../avr/lib/avr5/memx-const\libm.a(fp_round.o)
 .text          0x0000000000000000        0x0 c:/program files/microchip/xc8/v2.32/avr/bin/../lib/gcc/avr/5.4.0/avr5/memx-const\libgcc.a(_exit.o)
 .data          0x0000000000000000        0x0 c:/program files/microchip/xc8/v2.32/avr/bin/../lib/gcc/avr/5.4.0/avr5/memx-const\libgcc.a(_exit.o)
 .bss           0x0000000000000000        0x0 c:/program files/microchip/xc8/v2.32/avr/bin/../lib/gcc/avr/5.4.0/avr5/memx-const\libgcc.a(_exit.o)
 .text.libgcc.mul
                0x0000000000000000        0x0 c:/program files/microchip/xc8/v2.32/avr/bin/../lib/gcc/avr/5.4.0/avr5/memx-const\libgcc.a(_exit.o)
 .text.libgcc.div
                0x0000000000000000        0x0 c:/program files/microchip/xc8/v2.32/avr/bin/../lib/gcc/avr/5.4.0/avr5/memx-const\libgcc.a(_exit.o)
 .text.libgcc   0x0000000000000000        0x0 c:/program files/microchip/xc8/v2.32/avr/bin/../lib/gcc/avr/5.4.0/avr5/memx-const\libgcc.a(_exit.o)
 .text.libgcc.prologue
                0x0000000000000000        0x0 c:/program files/microchip/xc8/v2.32/avr/bin/../lib/gcc/avr/5.4.0/avr5/memx-const\libgcc.a(_exit.o)
 .stack.descriptors
                0x0000000000000000       0x13 c:/program files/microchip/xc8/v2.32/avr/bin/../lib/gcc/avr/5.4.0/avr5/memx-const\libgcc.a(_exit.o)
 .text.libgcc.builtins
                0x0000000000000000        0x0 c:/program files/microchip/xc8/v2.32/avr/bin/../lib/gcc/avr/5.4.0/avr5/memx-const\libgcc.a(_exit.o)
 .text.libgcc.fmul
                0x0000000000000000        0x0 c:/program files/microchip/xc8/v2.32/avr/bin/../lib/gcc/avr/5.4.0/avr5/memx-const\libgcc.a(_exit.o)
 .text.libgcc.fixed
                0x0000000000000000        0x0 c:/program files/microchip/xc8/v2.32/avr/bin/../lib/gcc/avr/5.4.0/avr5/memx-const\libgcc.a(_exit.o)
 .text          0x0000000000000000        0x0 c:/program files/microchip/xc8/v2.32/avr/bin/../lib/gcc/avr/5.4.0/../../../../avr/lib/avr5/memx-const\libc.a(itoa_ncheck.o)
 .data          0x0000000000000000        0x0 c:/program files/microchip/xc8/v2.32/avr/bin/../lib/gcc/avr/5.4.0/../../../../avr/lib/avr5/memx-const\libc.a(itoa_ncheck.o)
 .bss           0x0000000000000000        0x0 c:/program files/microchip/xc8/v2.32/avr/bin/../lib/gcc/avr/5.4.0/../../../../avr/lib/avr5/memx-const\libc.a(itoa_ncheck.o)
 .text.avrlibc  0x0000000000000000       0x16 c:/program files/microchip/xc8/v2.32/avr/bin/../lib/gcc/avr/5.4.0/../../../../avr/lib/avr5/memx-const\libc.a(itoa_ncheck.o)
 .stack.descriptors.hdr
                0x0000000000000000        0xe c:/program files/microchip/xc8/v2.32/avr/bin/../lib/gcc/avr/5.4.0/../../../../avr/lib/avr5/memx-const\libc.a(itoa_ncheck.o)
 .stack.descriptors
                0x0000000000000000       0x1b c:/program files/microchip/xc8/v2.32/avr/bin/../lib/gcc/avr/5.4.0/../../../../avr/lib/avr5/memx-const\libc.a(itoa_ncheck.o)
 .text          0x0000000000000000        0x0 c:/program files/microchip/xc8/v2.32/avr/bin/../lib/gcc/avr/5.4.0/../../../../avr/lib/avr5/memx-const\libc.a(utoa_ncheck.o)
 .data          0x0000000000000000        0x0 c:/program files/microchip/xc8/v2.32/avr/bin/../lib/gcc/avr/5.4.0/../../../../avr/lib/avr5/memx-const\libc.a(utoa_ncheck.o)
 .bss           0x0000000000000000        0x0 c:/program files/microchip/xc8/v2.32/avr/bin/../lib/gcc/avr/5.4.0/../../../../avr/lib/avr5/memx-const\libc.a(utoa_ncheck.o)
 .text.avrlibc  0x0000000000000000       0x34 c:/program files/microchip/xc8/v2.32/avr/bin/../lib/gcc/avr/5.4.0/../../../../avr/lib/avr5/memx-const\libc.a(utoa_ncheck.o)
 .stack.descriptors.hdr
                0x0000000000000000        0xe c:/program files/microchip/xc8/v2.32/avr/bin/../lib/gcc/avr/5.4.0/../../../../avr/lib/avr5/memx-const\libc.a(utoa_ncheck.o)
 .stack.descriptors
                0x0000000000000000       0x36 c:/program files/microchip/xc8/v2.32/avr/bin/../lib/gcc/avr/5.4.0/../../../../avr/lib/avr5/memx-const\libc.a(utoa_ncheck.o)
 .text          0x0000000000000000        0x0 c:/program files/microchip/xc8/v2.32/avr/bin/../lib/gcc/avr/5.4.0/../../../../avr/lib/avr5/memx-const\libc.a(strrev.o)
 .data          0x0000000000000000        0x0 c:/program files/microchip/xc8/v2.32/avr/bin/../lib/gcc/avr/5.4.0/../../../../avr/lib/avr5/memx-const\libc.a(strrev.o)
 .bss           0x0000000000000000        0x0 c:/program files/microchip/xc8/v2.32/avr/bin/../lib/gcc/avr/5.4.0/../../../../avr/lib/avr5/memx-const\libc.a(strrev.o)
 .text.avrlibc  0x0000000000000000       0x20 c:/program files/microchip/xc8/v2.32/avr/bin/../lib/gcc/avr/5.4.0/../../../../avr/lib/avr5/memx-const\libc.a(strrev.o)
 .stack.descriptors.hdr
                0x0000000000000000        0xe c:/program files/microchip/xc8/v2.32/avr/bin/../lib/gcc/avr/5.4.0/../../../../avr/lib/avr5/memx-const\libc.a(strrev.o)
 .stack.descriptors
                0x0000000000000000       0x14 c:/program files/microchip/xc8/v2.32/avr/bin/../lib/gcc/avr/5.4.0/../../../../avr/lib/avr5/memx-const\libc.a(strrev.o)

Memory Configuration

Name             Origin             Length             Attributes
text             0x0000000000000000 0x0000000000008000 xr
data             0x0000000000800060 0x0000000000000800 rw !x
eeprom           0x0000000000810000 0x0000000000000400 rw !x
fuse             0x0000000000820000 0x0000000000000002 rw !x
lock             0x0000000000830000 0x0000000000000400 rw !x
signature        0x0000000000840000 0x0000000000000400 rw !x
user_signatures  0x0000000000850000 0x0000000000000400 rw !x
*default*        0x0000000000000000 0xffffffffffffffff

Linker script and memory map

LOAD C:/Program Files/Microchip/MPLABX/v5.50/packs/Microchip/ATmega_DFP/2.3.126/xc8/avr/lib/avr5/memx-const/crtatmega32a.o
                0x0000000000000001                __MPLAB_BUILD = 0x1
LOAD build/default/production/main.o
LOAD build/default/production/DIO_Interface.o
LOAD build/default/production/mLEDs.o
LOAD build/default/production/mButtons.o
LOAD build/default/production/mRelay.o
LOAD build/default/production/mBuzzer.o
LOAD build/default/production/m7Segment.o
LOAD build/default/production/mLCD8.o
LOAD build/default/production/mLCD4.o
LOAD build/default/production/EXT_INT.o
LOAD build/default/production/mADC.o
LOAD build/default/production/mTimer.o
LOAD build/default/production/mUART.o
LOAD build/default/production/mSPI.o
START GROUP
LOAD c:/program files/microchip/xc8/v2.32/avr/bin/../lib/gcc/avr/5.4.0/../../../../avr/lib/avr5/memx-const\libm.a
END GROUP
START GROUP
LOAD c:/program files/microchip/xc8/v2.32/avr/bin/../lib/gcc/avr/5.4.0/avr5/memx-const\libgcc.a
LOAD c:/program files/microchip/xc8/v2.32/avr/bin/../lib/gcc/avr/5.4.0/../../../../avr/lib/avr5/memx-const\libm.a
LOAD c:/program files/microchip/xc8/v2.32/avr/bin/../lib/gcc/avr/5.4.0/../../../../avr/lib/avr5/memx-const\libc.a
LOAD C:/Program Files/Microchip/MPLABX/v5.50/packs/Microchip/ATmega_DFP/2.3.126/xc8/avr/lib/avr5/memx-const\libatmega32a.a
END GROUP
                [0x0000000000000000]                __TEXT_REGION_ORIGIN__ = DEFINED (__TEXT_REGION_ORIGIN__)?__TEXT_REGION_ORIGIN__:0x0
                [0x0000000000800060]                __DATA_REGION_ORIGIN__ = DEFINED (__DATA_REGION_ORIGIN__)?__DATA_REGION_ORIGIN__:0x800060
                [0x0000000000008000]                __TEXT_REGION_LENGTH__ = DEFINED (__TEXT_REGION_LENGTH__)?__TEXT_REGION_LENGTH__:0x20000
                [0x0000000000000800]                __DATA_REGION_LENGTH__ = DEFINED (__DATA_REGION_LENGTH__)?__DATA_REGION_LENGTH__:0xffa0
                [0x0000000000000400]                __EEPROM_REGION_LENGTH__ = DEFINED (__EEPROM_REGION_LENGTH__)?__EEPROM_REGION_LENGTH__:0x10000
                [0x0000000000000002]                __FUSE_REGION_LENGTH__ = DEFINED (__FUSE_REGION_LENGTH__)?__FUSE_REGION_LENGTH__:0x400
                0x0000000000000400                __LOCK_REGION_LENGTH__ = DEFINED (__LOCK_REGION_LENGTH__)?__LOCK_REGION_LENGTH__:0x400
                0x0000000000000400                __SIGNATURE_REGION_LENGTH__ = DEFINED (__SIGNATURE_REGION_LENGTH__)?__SIGNATURE_REGION_LENGTH__:0x400
                0x0000000000000400                __USER_SIGNATURE_REGION_LENGTH__ = DEFINED (__USER_SIGNATURE_REGION_LENGTH__)?__USER_SIGNATURE_REGION_LENGTH__:0x400

.hash
 *(.hash)

.dynsym
 *(.dynsym)

.dynstr
 *(.dynstr)

.gnu.version
 *(.gnu.version)

.gnu.version_d
 *(.gnu.version_d)

.gnu.version_r
 *(.gnu.version_r)

.rel.init
 *(.rel.init)

.rela.init
 *(.rela.init)

.rel.text
 *(.rel.text)
 *(.rel.text.*)
 *(.rel.gnu.linkonce.t*)

.rela.text
 *(.rela.text)
 *(.rela.text.*)
 *(.rela.gnu.linkonce.t*)

.rel.fini
 *(.rel.fini)

.rela.fini
 *(.rela.fini)

.rel.rodata
 *(.rel.rodata)
 *(.rel.rodata.*)
 *(.rel.gnu.linkonce.r*)

.rela.rodata
 *(.rela.rodata)
 *(.rela.rodata.*)
 *(.rela.gnu.linkonce.r*)

.rel.data
 *(.rel.data)
 *(.rel.data.*)
 *(.rel.gnu.linkonce.d*)

.rela.data
 *(.rela.data)
 *(.rela.data.*)
 *(.rela.gnu.linkonce.d*)

.rel.ctors
 *(.rel.ctors)

.rela.ctors
 *(.rela.ctors)

.rel.dtors
 *(.rel.dtors)

.rela.dtors
 *(.rela.dtors)

.rel.got
 *(.rel.got)

.rela.got
 *(.rela.got)

.rel.bss
 *(.rel.bss)

.rela.bss
 *(.rela.bss)

.rel.plt
 *(.rel.plt)

.rela.plt
 *(.rela.plt)

.text           0x0000000000000000       0x6c
 *(.vectors)
 .vectors       0x0000000000000000       0x54 C:/Program Files/Microchip/MPLABX/v5.50/packs/Microchip/ATmega_DFP/2.3.126/xc8/avr/lib/avr5/memx-const/crtatmega32a.o
                0x0000000000000000                __vector_default
                0x0000000000000000                __vectors
 *(.vectors)
 *(.progmem.gcc*)
 *(.dinit)
 .dinit         0x0000000000000054        0x0 data_init
                0x0000000000000054                . = ALIGN (0x2)
                0x0000000000000054                __trampolines_start = .
 *(.trampolines)
 .trampolines   0x0000000000000054        0x0 linker stubs
 *(.trampolines*)
                0x0000000000000054                __trampolines_end = .
 *libprintf_flt.a:*(.progmem.data)
 *libc.a:*(.progmem.data)
                0x0000000000000054                . = ALIGN (0x2)
 *(.jumptables)
 *(.jumptables*)
 *(.lowtext)
 *(.lowtext*)
                0x0000000000000054                __ctors_start = .
 *(.ctors)
                0x0000000000000054                __ctors_end = .
                0x0000000000000054                __dtors_start = .
 *(.dtors)
                0x0000000000000054                __dtors_end = .
 SORT(*)(.ctors)
 SORT(*)(.dtors)
 *(.init0)
 .init0         0x0000000000000054        0x0 C:/Program Files/Microchip/MPLABX/v5.50/packs/Microchip/ATmega_DFP/2.3.126/xc8/avr/lib/avr5/memx-const/crtatmega32a.o
                0x0000000000000054                __init
 *(.init0)
 *(.init1)
 *(.init1)
 *(.init2)
 .init2         0x0000000000000054        0xc C:/Program Files/Microchip/MPLABX/v5.50/packs/Microchip/ATmega_DFP/2.3.126/xc8/avr/lib/avr5/memx-const/crtatmega32a.o
 *(.init2)
 *(.init3)
 *(.init3)
 *(.init4)
 *(.init4)
 *(.init5)
 *(.init5)
 *(.init6)
 *(.init6)
 *(.init7)
 *(.init7)
 *(.init8)
 *(.init8)
 *(.init9)
 .init9         0x0000000000000060        0x8 C:/Program Files/Microchip/MPLABX/v5.50/packs/Microchip/ATmega_DFP/2.3.126/xc8/avr/lib/avr5/memx-const/crtatmega32a.o
 *(.init9)
                0x0000000000000068                . = ALIGN (0x2)
 *(.fini9)
 .fini9         0x0000000000000068        0x0 c:/program files/microchip/xc8/v2.32/avr/bin/../lib/gcc/avr/5.4.0/avr5/memx-const\libgcc.a(_exit.o)
                0x0000000000000068                _exit
                0x0000000000000068                exit
 *(.fini9)
 *(.fini8)
 *(.fini8)
 *(.fini7)
 *(.fini7)
 *(.fini6)
 *(.fini6)
 *(.fini5)
 *(.fini5)
 *(.fini4)
 *(.fini4)
 *(.fini3)
 *(.fini3)
 *(.fini2)
 *(.fini2)
 *(.fini1)
 *(.fini1)
 *(.fini0)
 .fini0         0x0000000000000068        0x4 c:/program files/microchip/xc8/v2.32/avr/bin/../lib/gcc/avr/5.4.0/avr5/memx-const\libgcc.a(_exit.o)
 *(.fini0)
                0x000000000000006c                _etext = .

.data           0x0000000000800060        0x0 load address 0x000000000000006c
                [!provide]                        PROVIDE (__data_start, .)
 *(.gnu.linkonce.d*)
 *(.gnu.linkonce.r*)
                0x0000000000800060                . = ALIGN (0x2)
                0x0000000000800060                _edata = .
                [!provide]                        PROVIDE (__data_end, .)

.bss            0x0000000000800060        0x0
                [!provide]                        PROVIDE (__bss_start, .)
 *(COMMON)
                [!provide]                        PROVIDE (__bss_end, .)
                0x000000000000006c                __data_load_start = LOADADDR (.data)
                0x000000000000006c                __data_load_end = (__data_load_start + SIZEOF (.data))

.noinit         0x0000000000800060        0x0
                [!provide]                        PROVIDE (__noinit_start, .)
 *(.noinit*)
                [!provide]                        PROVIDE (__noinit_end, .)
                0x0000000000800060                _end = .

.eeprom         0x0000000000810000        0x0
 *(.eeprom*)
                0x0000000000810000                __eeprom_end = .

.fuse
 *(.fuse)
 *(.lfuse)
 *(.hfuse)
 *(.efuse)

.lock
 *(.lock*)

.signature
 *(.signature*)

.user_signatures
 *(.user_signatures*)

.stab
 *(.stab)

.stabstr
 *(.stabstr)

.stab.excl
 *(.stab.excl)

.stab.exclstr
 *(.stab.exclstr)

.stab.index
 *(.stab.index)

.stab.indexstr
 *(.stab.indexstr)

.comment        0x0000000000000000       0x2f
 *(.comment)
 .comment       0x0000000000000000       0x2f build/default/production/main.o
                                         0x30 (size before relaxing)
 .comment       0x000000000000002f       0x30 build/default/production/DIO_Interface.o
 .comment       0x000000000000002f       0x30 build/default/production/mLCD4.o
 .comment       0x000000000000002f       0x30 build/default/production/mSPI.o

.stack.descriptors.hdr
                0x0000000000000000        0xe
 .stack.descriptors.hdr
                0x0000000000000000        0xe c:/program files/microchip/xc8/v2.32/avr/bin/../lib/gcc/avr/5.4.0/avr5/memx-const\libgcc.a(_exit.o)

.note.gnu.build-id
 *(.note.gnu.build-id)

.debug
 *(.debug)

.line
 *(.line)

.debug_srcinfo
 *(.debug_srcinfo)

.debug_sfnames
 *(.debug_sfnames)

.debug_aranges  0x0000000000000000      0x100
 *(.debug_aranges)
 .debug_aranges
                0x0000000000000000       0x20 build/default/production/main.o
 .debug_aranges
                0x0000000000000020       0x50 build/default/production/DIO_Interface.o
 .debug_aranges
                0x0000000000000070       0x50 build/default/production/mLCD4.o
 .debug_aranges
                0x00000000000000c0       0x40 build/default/production/mSPI.o

.debug_pubnames
 *(.debug_pubnames)

.debug_info     0x0000000000000000     0x1816
 *(.debug_info .gnu.linkonce.wi.*)
 .debug_info    0x0000000000000000      0x4e6 C:/Program Files/Microchip/MPLABX/v5.50/packs/Microchip/ATmega_DFP/2.3.126/xc8/avr/lib/avr5/memx-const/crtatmega32a.o
 .debug_info    0x00000000000004e6      0x2ea build/default/production/main.o
 .debug_info    0x00000000000007d0      0x430 build/default/production/DIO_Interface.o
 .debug_info    0x0000000000000c00      0x7a3 build/default/production/mLCD4.o
 .debug_info    0x00000000000013a3      0x473 build/default/production/mSPI.o

.debug_abbrev   0x0000000000000000      0x8e4
 *(.debug_abbrev)
 .debug_abbrev  0x0000000000000000      0x4a3 C:/Program Files/Microchip/MPLABX/v5.50/packs/Microchip/ATmega_DFP/2.3.126/xc8/avr/lib/avr5/memx-const/crtatmega32a.o
 .debug_abbrev  0x00000000000004a3       0x90 build/default/production/main.o
 .debug_abbrev  0x0000000000000533       0x9f build/default/production/DIO_Interface.o
 .debug_abbrev  0x00000000000005d2      0x1f6 build/default/production/mLCD4.o
 .debug_abbrev  0x00000000000007c8      0x11c build/default/production/mSPI.o

.debug_line     0x0000000000000000      0x658
 *(.debug_line .debug_line.* .debug_line_end)
 .debug_line    0x0000000000000000      0x119 C:/Program Files/Microchip/MPLABX/v5.50/packs/Microchip/ATmega_DFP/2.3.126/xc8/avr/lib/avr5/memx-const/crtatmega32a.o
 .debug_line    0x0000000000000119       0x83 build/default/production/main.o
 .debug_line    0x000000000000019c       0xfa build/default/production/DIO_Interface.o
 .debug_line    0x0000000000000296      0x221 build/default/production/mLCD4.o
 .debug_line    0x00000000000004b7      0x1a1 build/default/production/mSPI.o

.debug_frame    0x0000000000000000      0x1bc
 *(.debug_frame)
 .debug_frame   0x0000000000000000       0x24 build/default/production/main.o
 .debug_frame   0x0000000000000024       0x84 build/default/production/DIO_Interface.o
 .debug_frame   0x00000000000000a8       0xb0 build/default/production/mLCD4.o
 .debug_frame   0x0000000000000158       0x64 build/default/production/mSPI.o

.debug_str      0x0000000000000000      0x25d
 *(.debug_str)
 .debug_str     0x0000000000000000      0x196 C:/Program Files/Microchip/MPLABX/v5.50/packs/Microchip/ATmega_DFP/2.3.126/xc8/avr/lib/avr5/memx-const/crtatmega32a.o
 .debug_str     0x0000000000000196       0x4a build/default/production/main.o
 .debug_str     0x00000000000001e0        0x6 build/default/production/DIO_Interface.o
 .debug_str     0x00000000000001e6       0x67 build/default/production/mLCD4.o
 .debug_str     0x000000000000024d       0x10 build/default/production/mSPI.o

.debug_loc      0x0000000000000000      0x4b3
 *(.debug_loc)
 .debug_loc     0x0000000000000000       0x36 build/default/production/main.o
 .debug_loc     0x0000000000000036      0x136 build/default/production/DIO_Interface.o
 .debug_loc     0x000000000000016c      0x26a build/default/production/mLCD4.o
 .debug_loc     0x00000000000003d6       0xdd build/default/production/mSPI.o

.debug_macinfo
 *(.debug_macinfo)

.debug_weaknames
 *(.debug_weaknames)

.debug_funcnames
 *(.debug_funcnames)

.debug_typenames
 *(.debug_typenames)

.debug_varnames
 *(.debug_varnames)

.debug_pubtypes
 *(.debug_pubtypes)

.debug_ranges   0x0000000000000000       0xc0
 *(.debug_ranges)
 .debug_ranges  0x0000000000000000       0x10 build/default/production/main.o
 .debug_ranges  0x0000000000000010       0x40 build/default/production/DIO_Interface.o
 .debug_ranges  0x0000000000000050       0x40 build/default/production/mLCD4.o
 .debug_ranges  0x0000000000000090       0x30 build/default/production/mSPI.o

.debug_macro
 *(.debug_macro)
OUTPUT(dist/default/production/ALEX47_SPI_SLAVE.X.production.elf elf32-avr)
LOAD linker stubs
LOAD data_init

.note.gnu.avr.deviceinfo
                0x0000000000000000       0x3c
 .note.gnu.avr.deviceinfo
                0x0000000000000000       0x3c C:/Program Files/Microchip/MPLABX/v5.50/packs/Microchip/ATmega_DFP/2.3.126/xc8/avr/lib/avr5/memx-const/crtatmega32a.o

.text.init_SPI  0x000000000000006c       0x76
 .text.init_SPI
                0x000000000000006c       0x76 build/default/production/mSPI.o
                0x000000000000006c                init_SPI

.text.init_LCD4
                0x00000000000000e2       0x5a
 .text.init_LCD4
                0x00000000000000e2       0x5a build/default/production/mLCD4.o
                0x00000000000000e2                init_LCD4

.text.DIO_Set_PIN_DIR
                0x000000000000013c       0x40
 .text.DIO_Set_PIN_DIR
                0x000000000000013c       0x40 build/default/production/DIO_Interface.o
                0x000000000000013c                DIO_Set_PIN_DIR

.text.DIO_Set_PIN_VALUE
                0x000000000000017c       0x3a
 .text.DIO_Set_PIN_VALUE
                0x000000000000017c       0x3a build/default/production/DIO_Interface.o
                0x000000000000017c                DIO_Set_PIN_VALUE

.text.LCD4_write
                0x00000000000001b6       0x3a
 .text.LCD4_write
                0x00000000000001b6       0x3a build/default/production/mLCD4.o
                0x00000000000001b6                LCD4_write

.text.LCD4_cmd  0x00000000000001f0       0x3a
 .text.LCD4_cmd
                0x00000000000001f0       0x3a build/default/production/mLCD4.o
                0x00000000000001f0                LCD4_cmd

.text.main      0x000000000000022a       0x28
 .text.main     0x000000000000022a       0x28 build/default/production/main.o
                0x000000000000022a                main

.text.LCD4_Enable
                0x0000000000000252       0x26
 .text.LCD4_Enable
                0x0000000000000252       0x26 build/default/production/mLCD4.o
                0x0000000000000252                LCD4_Enable

.text.LCD4_clear
                0x0000000000000278       0x14
 .text.LCD4_clear
                0x0000000000000278       0x14 build/default/production/mLCD4.o
                0x0000000000000278                LCD4_clear

.text.DIO_Set_PORT_DIR
                0x000000000000028c        0x8
 .text.DIO_Set_PORT_DIR
                0x000000000000028c        0x8 build/default/production/DIO_Interface.o
                0x000000000000028c                DIO_Set_PORT_DIR

.text.SPI_SLAVE_READ
                0x0000000000000294        0x8
 .text.SPI_SLAVE_READ
                0x0000000000000294        0x8 build/default/production/mSPI.o
                0x0000000000000294                SPI_SLAVE_READ

.text           0x000000000000029c        0x4
 .text          0x000000000000029c        0x4 C:/Program Files/Microchip/MPLABX/v5.50/packs/Microchip/ATmega_DFP/2.3.126/xc8/avr/lib/avr5/memx-const/crtatmega32a.o
                0x000000000000029c                __vector_1
                0x000000000000029c                __vector_12
                0x000000000000029c                __bad_interrupt
                0x000000000000029c                __vector_6
                0x000000000000029c                __vector_3
                0x000000000000029c                __vector_11
                0x000000000000029c                __vector_13
                0x000000000000029c                __vector_17
                0x000000000000029c                __vector_19
                0x000000000000029c                __vector_7
                0x000000000000029c                __vector_5
                0x000000000000029c                __vector_4
                0x000000000000029c                __vector_9
                0x000000000000029c                __vector_2
                0x000000000000029c                __vector_15
                0x000000000000029c                __vector_8
                0x000000000000029c                __vector_14
                0x000000000000029c                __vector_10
                0x000000000000029c                __vector_16
                0x000000000000029c                __vector_18
                0x000000000000029c                __vector_20

.text.SPI_SLAVE_PREPARE
                0x00000000000002a0        0x4
 .text.SPI_SLAVE_PREPARE
                0x00000000000002a0        0x4 build/default/production/mSPI.o
                0x00000000000002a0                SPI_SLAVE_PREPARE
